// Vitest Snapshot v1, https://vitest.dev/guide/snapshot.html

exports[`DropDownMenu > matches snapshot 1`] = `<DropDownMenu />`;
