// Vitest Snapshot v1, https://vitest.dev/guide/snapshot.html

exports[`SelectForm > matches snapshot 1`] = `null`;
